// Jest Snapshot v1, https://jestjs.io/docs/snapshot-testing

exports[`Menu matches the snapshot 1`] = `
<DocumentFragment>
  <div
    class="menu "
    data-testid="menu"
  >
    <a
      aria-label="Go to the Homepage"
      class="logo"
      href="/"
    >
      <img
        alt="New Zealand Tunnellers Website - Home"
        class="logo-image"
        height="30"
        placeholder="empty"
        src="/nzt_logo.png"
        width="30"
      />
    </a>
    <div
      class="search-form-container"
    >
      <div
        class="search-form"
      >
        <input
          aria-label="Search for a tunneller"
          id="search"
          placeholder="Search for a Tunneller"
          type="text"
          value=""
        />
        <img
          alt="Search for a tunneller"
          class="search-form-button"
          height="20"
          placeholder="empty"
          src="/search.png"
          width="20"
        />
      </div>
    </div>
    <button
      aria-label="Open menu"
      class="menu-toggle"
      type="button"
    >
      <span
        class="menu-toggle__line-1"
      />
      <span
        class="menu-toggle__line-2"
      />
      <span
        class="menu-toggle__line-3"
      />
    </button>
    <dialog
      class="navigation-dialog"
    >
      <div
        class="navigation-dialog__header"
      >
        <a
          class="language-switcher"
          href="/fr/"
        >
          Français
        </a>
        <button
          aria-label="Close menu"
          class="navigation-dialog__close"
          type="button"
        >
          <span
            class="navigation-dialog__close-line"
          />
          <span
            class="navigation-dialog__close-line"
          />
          <span
            class="navigation-dialog__close-line"
          />
        </button>
      </div>
      <nav
        class="menu-nav"
      >
        <div
          class="menu-row"
        >
          <a
            class="menu-primary"
            href="/#history"
          >
            History
          </a>
          <span
            class="menu-connector"
          />
          <a
            class="menu-secondary"
            href="/history/tunnellers-works"
          >
            <span
              class="map-label"
            >
              Map
            </span>
            Works
          </a>
        </div>
        <div
          class="menu-row"
        >
          <a
            class="menu-primary"
            href="/tunnellers"
          >
            Tunnellers
          </a>
          <span
            class="menu-connector"
          />
          <a
            class="menu-secondary"
            href="/tunnellers/?view=map"
          >
            <span
              class="map-label"
            >
              Map
            </span>
            Origins
          </a>
        </div>
        <div
          class="menu-row"
        >
          <a
            class="menu-primary"
            href="/kiwis-dig-tunnels-too"
          >
            Kiwis Dig Tunnels Too
          </a>
        </div>
        <div
          class="menu-row"
        >
          <a
            class="menu-primary"
            href="/about-us"
          >
            About Us
          </a>
        </div>
      </nav>
    </dialog>
  </div>
</DocumentFragment>
`;
