// Jest Snapshot v1, https://jestjs.io/docs/snapshot-testing

exports[`Menu matches the snapshot 1`] = `
<DocumentFragment>
  <div
    class="menu "
    data-testid="menu"
  >
    <a
      aria-label="Go to the Homepage"
      class="logo"
      href="/"
    >
      <img
        alt="New Zealand Tunnellers Wesbite - Home"
        height="30"
        placeholder="empty"
        src="/nzt_logo.png"
        width="30"
      />
    </a>
    <div
      class="search-form-container"
    >
      <div
        class="search-form"
      >
        <input
          id="search"
          placeholder="Search for a Tunneller"
          type="text"
          value=""
        />
        <img
          alt="Type a name to search for a Tunneller"
          class="search-form-button"
          height="20"
          placeholder="empty"
          src="/search.png"
          width="20"
        />
      </div>
    </div>
  </div>
</DocumentFragment>
`;
