// Jest Snapshot v1, https://jestjs.io/docs/snapshot-testing

exports[`WorksSlider matches the snapshot 1`] = `
<DocumentFragment>
  <div
    class="slider"
  >
    <div
      data-max="23027"
      data-min="23009"
      data-testid="rc-slider"
      data-value="23009,23027"
    />
  </div>
</DocumentFragment>
`;
