// Jest Snapshot v1, https://jestjs.io/docs/snapshot-testing

exports[`Contents matches the snapshot (fr) 1`] = `
<DocumentFragment>
  <div
    class="container"
  >
    <div>
      <div>
        <div
          class="header"
        >
          <div
            class="link"
          />
          <h1>
            Les Kiwis aussi creusent des tunnels
          </h1>
          <div
            class="author"
          >
            <div>
              <span
                class="by"
              >
                By
              </span>
               Anthony Byledbal
            </div>
          </div>
        </div>
      </div>
      <div>
        <div
          class="contents-heading"
        >
          <h2>
            Sommaire
          </h2>
          <div
            class="container"
          >
            <label
              class="toggle"
            >
              <input
                aria-describedby="offline-book-status"
                aria-label="Offline reading"
                class="input"
                disabled=""
                type="checkbox"
              />
              <span
                class="label"
              >
                Offline reading
              </span>
              <span
                aria-hidden="true"
                class="switch"
              />
            </label>
            <span
              aria-live="polite"
              class="status"
              id="offline-book-status"
              role="status"
            >
              Offline downloads are unavailable in this browser
            </span>
          </div>
        </div>
      </div>
      <div>
        <a
          aria-label="Read: Prologue"
          class="button-chapter"
          href="/fr/kiwis-dig-tunnels-too/prologue/"
        >
          <span
            class="entry-title"
          >
            Prologue
          </span>
          <div
            aria-hidden="true"
            class="ring"
            style="--progress: 0;"
          >
            <div
              class="inner"
            >
              →
            </div>
          </div>
        </a>
      </div>
      <div>
        <a
          aria-label="Go to chapter 1: Les tunneliers des antipodes"
          class="button-chapter"
          href="/fr/kiwis-dig-tunnels-too/chapter-1-the-tunnellers-from-the-antipodes/"
        >
          <span
            aria-hidden="true"
            class="chapter"
          >
            1
          </span>
          <span
            class="entry-title"
          >
            Les tunneliers des antipodes
          </span>
          <div
            aria-hidden="true"
            class="ring"
            style="--progress: 0;"
          >
            <div
              class="inner"
            >
              →
            </div>
          </div>
        </a>
      </div>
      <div>
        <a
          aria-label="Go to chapter 2: En faire de bons soldats"
          class="button-chapter"
          href="/fr/kiwis-dig-tunnels-too/chapter-2-forging-good-soldiers/"
        >
          <span
            aria-hidden="true"
            class="chapter"
          >
            2
          </span>
          <span
            class="entry-title"
          >
            En faire de bons soldats
          </span>
          <div
            aria-hidden="true"
            class="ring"
            style="--progress: 0;"
          >
            <div
              class="inner"
            >
              →
            </div>
          </div>
        </a>
      </div>
      <div>
        <a
          aria-label="Read: Sources"
          class="button-chapter"
          href="/fr/kiwis-dig-tunnels-too/sources/"
        >
          <span
            class="entry-title"
          >
            Sources
          </span>
          <div
            aria-hidden="true"
            class="ring"
            style="--progress: 0;"
          >
            <div
              class="inner"
            >
              →
            </div>
          </div>
        </a>
      </div>
      <div
        class="contents-layout"
      >
        <div
          class="artwork"
        >
          <img
            alt=""
            height="250"
            sizes="(min-width: 896px) 360px, 280px"
            src="/images/books/artwork.jpg"
            width="325"
          />
        </div>
        <ul>
          <li>
            Contents entry
          </li>
        </ul>
      </div>
    </div>
  </div>
</DocumentFragment>
`;
