// Jest Snapshot v1, https://jestjs.io/docs/snapshot-testing

exports[`Contents matches the snapshot (fr) 1`] = `
<DocumentFragment>
  <div
    class="container"
  >
    <div>
      <div>
        <div
          class="header"
        >
          <div
            class="link"
          >
            <a
              aria-label="Aller à la section Ressources"
              href="/#resources"
            >
              Resources
            </a>
          </div>
          <h1>
            Les Kiwis aussi creusent des tunnels
          </h1>
          <div
            class="author"
          >
            Un livre d'Anthony Byledbal
          </div>
        </div>
      </div>
      <div>
        <li>
          <a
            aria-label="Lire : Prologue"
            class="button-chapter"
            href="/books/les-kiwis-aussi-creusent-des-tunnels/prologue"
          >
            <div>
              <span
                class="titre-container"
              >
                Prologue
              </span>
            </div>
            <div
              aria-hidden="true"
              class="ring"
            >
              <svg
                viewBox="0 0 60 60"
                xmlns="http://www.w3.org/2000/svg"
              >
                <circle
                  class="track"
                  cx="30"
                  cy="30"
                  r="27.5"
                />
                <circle
                  class="progress"
                  cx="30"
                  cy="30"
                  r="27.5"
                  stroke-dasharray="172.78759594743863"
                  stroke-dashoffset="172.78759594743863"
                  transform="rotate(-90 30 30)"
                />
                <circle
                  class="inner"
                  cx="30"
                  cy="30"
                  r="21"
                />
                <text
                  class="icon"
                  dominant-baseline="central"
                  text-anchor="middle"
                  x="30"
                  y="30"
                >
                  →
                </text>
              </svg>
            </div>
          </a>
        </li>
      </div>
      <div>
        <li>
          <a
            aria-label="Aller au chapitre 1 : Les tunneliers des antipodes"
            class="button-chapter"
            href="/books/les-kiwis-aussi-creusent-des-tunnels/chapitre-1-les-tunneliers-des-antipodes"
          >
            <div>
              <p
                class="chapter"
              >
                Chapitre 1
              </p>
              <span>
                Les tunneliers des antipodes
              </span>
            </div>
            <div
              aria-hidden="true"
              class="ring"
            >
              <svg
                viewBox="0 0 60 60"
                xmlns="http://www.w3.org/2000/svg"
              >
                <circle
                  class="track"
                  cx="30"
                  cy="30"
                  r="27.5"
                />
                <circle
                  class="progress"
                  cx="30"
                  cy="30"
                  r="27.5"
                  stroke-dasharray="172.78759594743863"
                  stroke-dashoffset="172.78759594743863"
                  transform="rotate(-90 30 30)"
                />
                <circle
                  class="inner"
                  cx="30"
                  cy="30"
                  r="21"
                />
                <text
                  class="icon"
                  dominant-baseline="central"
                  text-anchor="middle"
                  x="30"
                  y="30"
                >
                  →
                </text>
              </svg>
            </div>
          </a>
        </li>
      </div>
      <div>
        <li>
          <a
            aria-label="Aller au chapitre 2 : En faire de bons soldats"
            class="button-chapter"
            href="/books/les-kiwis-aussi-creusent-des-tunnels/chapitre-2-en-faire-de-bons-soldats"
          >
            <div>
              <p
                class="chapter"
              >
                Chapitre 2
              </p>
              <span>
                En faire de bons soldats
              </span>
            </div>
            <div
              aria-hidden="true"
              class="ring"
            >
              <svg
                viewBox="0 0 60 60"
                xmlns="http://www.w3.org/2000/svg"
              >
                <circle
                  class="track"
                  cx="30"
                  cy="30"
                  r="27.5"
                />
                <circle
                  class="progress"
                  cx="30"
                  cy="30"
                  r="27.5"
                  stroke-dasharray="172.78759594743863"
                  stroke-dashoffset="172.78759594743863"
                  transform="rotate(-90 30 30)"
                />
                <circle
                  class="inner"
                  cx="30"
                  cy="30"
                  r="21"
                />
                <text
                  class="icon"
                  dominant-baseline="central"
                  text-anchor="middle"
                  x="30"
                  y="30"
                >
                  →
                </text>
              </svg>
            </div>
          </a>
        </li>
      </div>
      <div>
        <li>
          <a
            aria-label="Lire : Sources"
            class="button-chapter"
            href="/books/les-kiwis-aussi-creusent-des-tunnels/sources"
          >
            <div>
              <span
                class="titre-container"
              >
                Sources
              </span>
            </div>
            <div
              aria-hidden="true"
              class="ring"
            >
              <svg
                viewBox="0 0 60 60"
                xmlns="http://www.w3.org/2000/svg"
              >
                <circle
                  class="track"
                  cx="30"
                  cy="30"
                  r="27.5"
                />
                <circle
                  class="progress"
                  cx="30"
                  cy="30"
                  r="27.5"
                  stroke-dasharray="172.78759594743863"
                  stroke-dashoffset="172.78759594743863"
                  transform="rotate(-90 30 30)"
                />
                <circle
                  class="inner"
                  cx="30"
                  cy="30"
                  r="21"
                />
                <text
                  class="icon"
                  dominant-baseline="central"
                  text-anchor="middle"
                  x="30"
                  y="30"
                >
                  →
                </text>
              </svg>
            </div>
          </a>
        </li>
      </div>
    </div>
  </div>
</DocumentFragment>
`;
