// Jest Snapshot v1, https://jestjs.io/docs/snapshot-testing

exports[`HeroSection Component matches snapshot 1`] = `
<DocumentFragment>
  <div
    class="hero"
  >
    <div
      class="hero-wrapper"
    >
      <p>
        1915-1919
      </p>
      <h1>
        The Kiwis who
fought underground
      </h1>
      <div
        class="hero-links"
      >
        <a
          class="hero-link"
          href="/#history"
        >
          <div
            class="hero-link-content"
          >
            <div>
              Discover their history
            </div>
          </div>
          <div
            class="arrow"
          >
            ↓
          </div>
        </a>
        <a
          class="hero-link"
          href="/history/tunnellers-works"
        >
          <div
            class="hero-link-content"
          >
            <div>
              Explore their works
            </div>
          </div>
          <div
            class="arrow"
          >
            →
          </div>
        </a>
      </div>
    </div>
  </div>
</DocumentFragment>
`;
