// Jest Snapshot v1, https://jestjs.io/docs/snapshot-testing

exports[`Homepage matches the snapshot for mobile viewport 1`] = `
<DocumentFragment>
  <div
    class="homepage-container"
  >
    <div
      class="hero"
    >
      <div
        class="hero-wrapper"
      >
        <p>
          1915-1919
        </p>
        <h1>
          The Kiwis who
fought underground
        </h1>
        <div
          class="hero-links"
        >
          <a
            class="hero-link"
            href="/#history"
          >
            <div
              class="hero-link-content"
            >
              <span
                aria-hidden="true"
                class="related-chapter-badge"
              >
                <svg
                  focusable="false"
                  viewBox="0 0 24 24"
                >
                  <path
                    d="M12 7.5c-1.7-1.2-4.1-1.8-7-1.8v11.2c2.9 0 5.3.6 7 1.8"
                    fill="none"
                    stroke="currentColor"
                    stroke-linecap="round"
                    stroke-linejoin="round"
                    stroke-width="1.7"
                  />
                  <path
                    d="M12 7.5c1.7-1.2 4.1-1.8 7-1.8v11.2c-2.9 0-5.3.6-7 1.8"
                    fill="none"
                    stroke="currentColor"
                    stroke-linecap="round"
                    stroke-linejoin="round"
                    stroke-width="1.7"
                  />
                  <path
                    d="M12 7.5v11.2"
                    fill="none"
                    stroke="currentColor"
                    stroke-linecap="round"
                    stroke-width="1.7"
                  />
                </svg>
              </span>
              <div>
                Discover the history
              </div>
            </div>
            <div
              class="arrow"
            >
              ↓
            </div>
          </a>
          <a
            class="hero-link"
            href="/history/tunnellers-works"
          >
            <div
              class="hero-link-content"
            >
              <span
                aria-hidden="true"
                class="map-button-icon"
              />
              <div>
                Explore the tunnellers' works
              </div>
            </div>
            <div
              class="arrow"
            >
              →
            </div>
          </a>
        </div>
      </div>
    </div>
    <div
      class="history-chapter"
      id="history"
    >
      <div
        class="chapter-cards-wrapper"
      >
        <div
          class="chapter-cards-menu"
        >
          <h2>
            History of the Company
          </h2>
          <div
            class="chapter-cards-nav"
          >
            <button
              aria-label="See previous chapters"
              disabled=""
              style="color: rgb(44, 46, 47); border-color: rgb(44, 46, 47); background-color: rgb(24, 26, 27); cursor: not-allowed;"
              type="button"
            >
              ←
            </button>
            <button
              aria-label="See next chapters"
              type="button"
            >
              →
            </button>
          </div>
        </div>
        <div
          class="chapter-cards"
          data-testid="chapters-scroll"
        >
          <div
            class="chapter-card"
            style="background-image: url("/images/history/where-all-started.jpg"); background-size: cover; background-position: center center;"
          >
            <a
              aria-label="Go to Chapter 1: Where All Started"
              class="link-button"
              href="/history/where-all-started/"
            >
              <div
                class="chapter-card-dimmer"
              >
                <div
                  class="chapter-card-content"
                >
                  <div>
                    <span
                      class="title-line-1"
                    >
                      Where All
                    </span>
                    <span
                      class="title-line-2"
                    >
                      Started
                    </span>
                    <span
                      class="title-line-3"
                    >
                      Chapter 1
                    </span>
                  </div>
                </div>
              </div>
            </a>
          </div>
          <div
            class="chapter-card"
            style="background-image: url("/images/history/the-journey-ahead.jpg"); background-size: cover; background-position: center center;"
          >
            <a
              aria-label="Go to Chapter 2: The Journey Ahead"
              class="link-button"
              href="/history/the-journey-ahead/"
            >
              <div
                class="chapter-card-dimmer"
              >
                <div
                  class="chapter-card-content"
                >
                  <div>
                    <span
                      class="title-line-1"
                    >
                      The Journey
                    </span>
                    <span
                      class="title-line-2"
                    >
                      Ahead
                    </span>
                    <span
                      class="title-line-3"
                    >
                      Chapter 2
                    </span>
                  </div>
                </div>
              </div>
            </a>
          </div>
          <div
            class="chapter-card"
            style="background-image: url("/images/history/discovering-the-war.jpg"); background-size: cover; background-position: center center;"
          >
            <a
              aria-label="Go to Chapter 3: Discovering The War"
              class="link-button"
              href="/history/discovering-the-war/"
            >
              <div
                class="chapter-card-dimmer"
              >
                <div
                  class="chapter-card-content"
                >
                  <div>
                    <span
                      class="title-line-1"
                    >
                      Discovering
                    </span>
                    <span
                      class="title-line-2"
                    >
                      The War
                    </span>
                    <span
                      class="title-line-3"
                    >
                      Chapter 3
                    </span>
                  </div>
                </div>
              </div>
            </a>
          </div>
          <div
            class="chapter-card"
            style="background-image: url("/images/history/below-the-surface.jpg"); background-size: cover; background-position: center center;"
          >
            <a
              aria-label="Go to Chapter 4: Below The Surface"
              class="link-button"
              href="/history/below-the-surface/"
            >
              <div
                class="chapter-card-dimmer"
              >
                <div
                  class="chapter-card-content"
                >
                  <div>
                    <span
                      class="title-line-1"
                    >
                      Below
                    </span>
                    <span
                      class="title-line-2"
                    >
                      The Surface
                    </span>
                    <span
                      class="title-line-3"
                    >
                      Chapter 4
                    </span>
                  </div>
                </div>
              </div>
            </a>
          </div>
          <div
            class="chapter-card"
            style="background-image: url("/images/history/back-to-the-surface.jpg"); background-size: cover; background-position: center center;"
          >
            <a
              aria-label="Go to Chapter 5: Back To The Surface"
              class="link-button"
              href="/history/back-to-the-surface/"
            >
              <div
                class="chapter-card-dimmer"
              >
                <div
                  class="chapter-card-content"
                >
                  <div>
                    <span
                      class="title-line-1"
                    >
                      Back
                    </span>
                    <span
                      class="title-line-2"
                    >
                      To The Surface
                    </span>
                    <span
                      class="title-line-3"
                    >
                      Chapter 5
                    </span>
                  </div>
                </div>
              </div>
            </a>
          </div>
          <div
            class="chapter-card"
            style="background-image: url("/images/history/reconversion-of-activities.jpg"); background-size: cover; background-position: center center;"
          >
            <a
              aria-label="Go to Chapter 6: Reconversion Of Activities"
              class="link-button"
              href="/history/reconversion-of-activities/"
            >
              <div
                class="chapter-card-dimmer"
              >
                <div
                  class="chapter-card-content"
                >
                  <div>
                    <span
                      class="title-line-1"
                    >
                      Reconversion
                    </span>
                    <span
                      class="title-line-2"
                    >
                      Of Activities
                    </span>
                    <span
                      class="title-line-3"
                    >
                      Chapter 6
                    </span>
                  </div>
                </div>
              </div>
            </a>
          </div>
          <div
            class="chapter-card"
            style="background-image: url("/images/history/returning-home.jpg"); background-size: cover; background-position: center center;"
          >
            <a
              aria-label="Go to Chapter 7: Returning Home"
              class="link-button"
              href="/history/returnin-home/"
            >
              <div
                class="chapter-card-dimmer"
              >
                <div
                  class="chapter-card-content"
                >
                  <div>
                    <span
                      class="title-line-1"
                    >
                      Returning
                    </span>
                    <span
                      class="title-line-2"
                    >
                      Home
                    </span>
                    <span
                      class="title-line-3"
                    >
                      Chapter 7
                    </span>
                  </div>
                </div>
              </div>
            </a>
          </div>
        </div>
      </div>
    </div>
    <section
      aria-labelledby="resources-title"
      class="container"
    >
      <h2>
        The long story
      </h2>
      <div
        class="title"
      >
        Kiwis Dig Tunnels Too
      </div>
      <div
        class="book-meta"
      >
        <span
          class="by"
        >
          By 
        </span>
        <span
          class="author"
        >
          Anthony Byledbal
        </span>
      </div>
      <div
        class="image-container"
      >
        <img
          alt="Kiwis Dig Tunnels Too"
          class="image"
          height="515"
          placeholder="empty"
          src="/images/books/kiwis-dig-tunnels-too.jpg"
          width="400"
        />
      </div>
      <p
        class="description"
      >
        Recruited for their digging skills, James Williamson, Harold Howard, George Race, and Gerald Punch, four New Zealand volunteers, are preparing to cross the oceans with their special unit to take part in the secret underground warfare. But on the other side of the world, this deadly game is already tipping in favor of the German miners.
      </p>
      <div
        class="button-wrapper"
      >
        <a
          class="hero-link"
          href="/kiwis-dig-tunnels-too/"
        >
          <div
            class="hero-link-content"
          >
            <span
              aria-hidden="true"
              class="related-chapter-badge"
            >
              <svg
                focusable="false"
                viewBox="0 0 24 24"
              >
                <path
                  d="M12 7.5c-1.7-1.2-4.1-1.8-7-1.8v11.2c2.9 0 5.3.6 7 1.8"
                  fill="none"
                  stroke="currentColor"
                  stroke-linecap="round"
                  stroke-linejoin="round"
                  stroke-width="1.7"
                />
                <path
                  d="M12 7.5c1.7-1.2 4.1-1.8 7-1.8v11.2c-2.9 0-5.3.6-7 1.8"
                  fill="none"
                  stroke="currentColor"
                  stroke-linecap="round"
                  stroke-linejoin="round"
                  stroke-width="1.7"
                />
                <path
                  d="M12 7.5v11.2"
                  fill="none"
                  stroke="currentColor"
                  stroke-linecap="round"
                  stroke-width="1.7"
                />
              </svg>
            </span>
            <div>
              Start reading
            </div>
          </div>
          <div
            class="arrow"
          >
            →
          </div>
        </a>
      </div>
    </section>
  </div>
</DocumentFragment>
`;

exports[`Homepage matches the snapshot for tablet/desktop viewports 1`] = `
<DocumentFragment>
  <div
    class="homepage-container"
  >
    <div
      class="hero"
    >
      <div
        class="hero-wrapper"
      >
        <p>
          1915-1919
        </p>
        <h1>
          The Kiwis who
fought underground
        </h1>
        <div
          class="hero-links"
        >
          <a
            class="hero-link"
            href="/#history"
          >
            <div
              class="hero-link-content"
            >
              <span
                aria-hidden="true"
                class="related-chapter-badge"
              >
                <svg
                  focusable="false"
                  viewBox="0 0 24 24"
                >
                  <path
                    d="M12 7.5c-1.7-1.2-4.1-1.8-7-1.8v11.2c2.9 0 5.3.6 7 1.8"
                    fill="none"
                    stroke="currentColor"
                    stroke-linecap="round"
                    stroke-linejoin="round"
                    stroke-width="1.7"
                  />
                  <path
                    d="M12 7.5c1.7-1.2 4.1-1.8 7-1.8v11.2c-2.9 0-5.3.6-7 1.8"
                    fill="none"
                    stroke="currentColor"
                    stroke-linecap="round"
                    stroke-linejoin="round"
                    stroke-width="1.7"
                  />
                  <path
                    d="M12 7.5v11.2"
                    fill="none"
                    stroke="currentColor"
                    stroke-linecap="round"
                    stroke-width="1.7"
                  />
                </svg>
              </span>
              <div>
                Discover the history
              </div>
            </div>
            <div
              class="arrow"
            >
              ↓
            </div>
          </a>
          <a
            class="hero-link"
            href="/history/tunnellers-works"
          >
            <div
              class="hero-link-content"
            >
              <span
                aria-hidden="true"
                class="map-button-icon"
              />
              <div>
                Explore the tunnellers' works
              </div>
            </div>
            <div
              class="arrow"
            >
              →
            </div>
          </a>
        </div>
      </div>
    </div>
    <div
      class="history-chapter"
      id="history"
    >
      <div
        class="chapter-cards-wrapper"
      >
        <div
          class="chapter-cards-menu"
        >
          <h2>
            History of the Company
          </h2>
          <div
            class="chapter-cards-nav"
          >
            <button
              aria-label="See previous chapters"
              disabled=""
              style="color: rgb(44, 46, 47); border-color: rgb(44, 46, 47); background-color: rgb(24, 26, 27); cursor: not-allowed;"
              type="button"
            >
              ←
            </button>
            <button
              aria-label="See next chapters"
              type="button"
            >
              →
            </button>
          </div>
        </div>
        <div
          class="chapter-cards"
          data-testid="chapters-scroll"
        >
          <div
            class="chapter-card"
            style="background-image: url("/images/history/where-all-started.jpg"); background-size: cover; background-position: center center;"
          >
            <a
              aria-label="Go to Chapter 1: Where All Started"
              class="link-button"
              href="/history/where-all-started/"
            >
              <div
                class="chapter-card-dimmer"
              >
                <div
                  class="chapter-card-content"
                >
                  <div>
                    <span
                      class="title-line-1"
                    >
                      Where All
                    </span>
                    <span
                      class="title-line-2"
                    >
                      Started
                    </span>
                    <span
                      class="title-line-3"
                    >
                      Chapter 1
                    </span>
                  </div>
                </div>
              </div>
            </a>
          </div>
          <div
            class="chapter-card"
            style="background-image: url("/images/history/the-journey-ahead.jpg"); background-size: cover; background-position: center center;"
          >
            <a
              aria-label="Go to Chapter 2: The Journey Ahead"
              class="link-button"
              href="/history/the-journey-ahead/"
            >
              <div
                class="chapter-card-dimmer"
              >
                <div
                  class="chapter-card-content"
                >
                  <div>
                    <span
                      class="title-line-1"
                    >
                      The Journey
                    </span>
                    <span
                      class="title-line-2"
                    >
                      Ahead
                    </span>
                    <span
                      class="title-line-3"
                    >
                      Chapter 2
                    </span>
                  </div>
                </div>
              </div>
            </a>
          </div>
          <div
            class="chapter-card"
            style="background-image: url("/images/history/discovering-the-war.jpg"); background-size: cover; background-position: center center;"
          >
            <a
              aria-label="Go to Chapter 3: Discovering The War"
              class="link-button"
              href="/history/discovering-the-war/"
            >
              <div
                class="chapter-card-dimmer"
              >
                <div
                  class="chapter-card-content"
                >
                  <div>
                    <span
                      class="title-line-1"
                    >
                      Discovering
                    </span>
                    <span
                      class="title-line-2"
                    >
                      The War
                    </span>
                    <span
                      class="title-line-3"
                    >
                      Chapter 3
                    </span>
                  </div>
                </div>
              </div>
            </a>
          </div>
          <div
            class="chapter-card"
            style="background-image: url("/images/history/below-the-surface.jpg"); background-size: cover; background-position: center center;"
          >
            <a
              aria-label="Go to Chapter 4: Below The Surface"
              class="link-button"
              href="/history/below-the-surface/"
            >
              <div
                class="chapter-card-dimmer"
              >
                <div
                  class="chapter-card-content"
                >
                  <div>
                    <span
                      class="title-line-1"
                    >
                      Below
                    </span>
                    <span
                      class="title-line-2"
                    >
                      The Surface
                    </span>
                    <span
                      class="title-line-3"
                    >
                      Chapter 4
                    </span>
                  </div>
                </div>
              </div>
            </a>
          </div>
          <div
            class="chapter-card"
            style="background-image: url("/images/history/back-to-the-surface.jpg"); background-size: cover; background-position: center center;"
          >
            <a
              aria-label="Go to Chapter 5: Back To The Surface"
              class="link-button"
              href="/history/back-to-the-surface/"
            >
              <div
                class="chapter-card-dimmer"
              >
                <div
                  class="chapter-card-content"
                >
                  <div>
                    <span
                      class="title-line-1"
                    >
                      Back
                    </span>
                    <span
                      class="title-line-2"
                    >
                      To The Surface
                    </span>
                    <span
                      class="title-line-3"
                    >
                      Chapter 5
                    </span>
                  </div>
                </div>
              </div>
            </a>
          </div>
          <div
            class="chapter-card"
            style="background-image: url("/images/history/reconversion-of-activities.jpg"); background-size: cover; background-position: center center;"
          >
            <a
              aria-label="Go to Chapter 6: Reconversion Of Activities"
              class="link-button"
              href="/history/reconversion-of-activities/"
            >
              <div
                class="chapter-card-dimmer"
              >
                <div
                  class="chapter-card-content"
                >
                  <div>
                    <span
                      class="title-line-1"
                    >
                      Reconversion
                    </span>
                    <span
                      class="title-line-2"
                    >
                      Of Activities
                    </span>
                    <span
                      class="title-line-3"
                    >
                      Chapter 6
                    </span>
                  </div>
                </div>
              </div>
            </a>
          </div>
          <div
            class="chapter-card"
            style="background-image: url("/images/history/returning-home.jpg"); background-size: cover; background-position: center center;"
          >
            <a
              aria-label="Go to Chapter 7: Returning Home"
              class="link-button"
              href="/history/returnin-home/"
            >
              <div
                class="chapter-card-dimmer"
              >
                <div
                  class="chapter-card-content"
                >
                  <div>
                    <span
                      class="title-line-1"
                    >
                      Returning
                    </span>
                    <span
                      class="title-line-2"
                    >
                      Home
                    </span>
                    <span
                      class="title-line-3"
                    >
                      Chapter 7
                    </span>
                  </div>
                </div>
              </div>
            </a>
          </div>
        </div>
      </div>
    </div>
    <section
      aria-labelledby="resources-title"
      class="container"
    >
      <h2>
        The long story
      </h2>
      <div
        class="title"
      >
        Kiwis Dig Tunnels Too
      </div>
      <div
        class="book-meta"
      >
        <span
          class="by"
        >
          By 
        </span>
        <span
          class="author"
        >
          Anthony Byledbal
        </span>
      </div>
      <div
        class="image-container"
      >
        <img
          alt="Kiwis Dig Tunnels Too"
          class="image"
          height="515"
          placeholder="empty"
          src="/images/books/kiwis-dig-tunnels-too.jpg"
          width="400"
        />
      </div>
      <p
        class="description"
      >
        Recruited for their digging skills, James Williamson, Harold Howard, George Race, and Gerald Punch, four New Zealand volunteers, are preparing to cross the oceans with their special unit to take part in the secret underground warfare. But on the other side of the world, this deadly game is already tipping in favor of the German miners.
      </p>
      <div
        class="button-wrapper"
      >
        <a
          class="hero-link"
          href="/kiwis-dig-tunnels-too/"
        >
          <div
            class="hero-link-content"
          >
            <span
              aria-hidden="true"
              class="related-chapter-badge"
            >
              <svg
                focusable="false"
                viewBox="0 0 24 24"
              >
                <path
                  d="M12 7.5c-1.7-1.2-4.1-1.8-7-1.8v11.2c2.9 0 5.3.6 7 1.8"
                  fill="none"
                  stroke="currentColor"
                  stroke-linecap="round"
                  stroke-linejoin="round"
                  stroke-width="1.7"
                />
                <path
                  d="M12 7.5c1.7-1.2 4.1-1.8 7-1.8v11.2c-2.9 0-5.3.6-7 1.8"
                  fill="none"
                  stroke="currentColor"
                  stroke-linecap="round"
                  stroke-linejoin="round"
                  stroke-width="1.7"
                />
                <path
                  d="M12 7.5v11.2"
                  fill="none"
                  stroke="currentColor"
                  stroke-linecap="round"
                  stroke-width="1.7"
                />
              </svg>
            </span>
            <div>
              Start reading
            </div>
          </div>
          <div
            class="arrow"
          >
            →
          </div>
        </a>
      </div>
    </section>
  </div>
</DocumentFragment>
`;
