// Jest Snapshot v1, https://jestjs.io/docs/snapshot-testing

exports[`TypeFilter matches the snapshot 1`] = `
<DocumentFragment>
  <div
    aria-label="Filter by type"
    class="chips-wrapped"
    role="group"
  >
    <button
      aria-pressed="false"
      class="chip"
    >
      <span
        class="chip-dot"
        style="background-color: rgb(52, 152, 219);"
      />
      Dugout
    </button>
    <button
      aria-pressed="false"
      class="chip"
    >
      <span
        class="chip-dot"
        style="background-color: rgb(142, 68, 173);"
      />
      Machine-gun nest
    </button>
    <button
      aria-pressed="false"
      class="chip"
    >
      <span
        class="chip-dot"
        style="background-color: rgb(230, 126, 34);"
      />
      Trench
    </button>
  </div>
</DocumentFragment>
`;
